Rp, Rp, Uu, Uu, Xu, Xu, Xu, Xu, Xu, Xu, Xu, Xu, Xu, Xu, Xu, Xu, Xu, Xu, Xu, Xu, Wog, Wog, Wog, Xu, Xu, Xu, Xu, Xu, Xu, Xu, Xu, Xu, Xu, Xu, Xu, Xu, Xu, Xu, Xu, Xuc, Xuc, Xuc, Xuc, Xuc, Xuc, Xuc, Xuc, Xuc, Xuc, Xuc, Xuc, Xuc
Uu, Rp, Rp, Uu, Tb^Tf, Xu, Xu, Xu, Xu, Xu, Xu, Xu, Xu, Xu, Xu, Xu, Xu, Xu, Xu, Xu, Wog, Wog, Wog, Xu, Xu, Xu, Xu, Xu, Xu, Xu, Xu, Xu, Xu, Xu, Xu, Xu, Xu, Xu, Xu, Xuc, Xuc, Xuc, Xuc, Xuc, Xu, Xuc, Xuc, Xuc, Xuc, Xuc, Xuc, Xuc
Uu, Tb^Tf, Tb^Tf, Uu^Ii, Tb^Tf, Rp, Rp, Xu, Xu, Xu, Xu, Xu, Xu, Xu, Xu, Xu, Wog, Wog, Wog, Wog, Wog, Wog, Wwg, Wwg, Wwf, Tb^Tf, Uu, Xu, Uu, Xu, Qxu, Qxu, Qxu, Qxu, Qxu, Xu, Xu, Xu, Xu, Xuc, Xu, Xu, Xu, Xu, Xu, Xu, Xu, Xuc, Xu, Xuc, Xuc, Xuc
Xu, Uu, Uu, Rp^Ii, Rp, Uu, Uu, Xu, Xu, Xu, Xu, Xu, Xu, Xu, Xu, Xu, Wog, Wog, Wog, Wog, Wog, Wog, Wwg, Wwf, Ur, Uu, Uh, Ur, Ur, Ur, Tb^Tfi, Qxu, Qxu, Qxu, Qxu, Qxu, Qxu, Xu, Xu, Xu, Xof, Xof, Wog, Wog, Wog, Xu, Wog, Xof, Xof, Xu, Xu, Xuc
Xu, Xu, Xu, Uu, Rp, Rp, Ce, Tb^Tf, Uh, Xu, Xu, Xu, Xu, Xu, Xu, Wog, Wog, Wog, Wwg, Wwg, Wwg, Wwg, Xu, Wwf, Uh, Uu^Vu, Uu, Ur, Uu, Tb^Tfi, Ur, Uu, Ur, Uu^Vu, Tb^Tfi, Qxu, Qxu, Xu, Xu, Xof, Wog, Wog, Wwg, Wog, Chw, Wog, Wwg, Wog, Wog, Xof, Xu, Xuc
Xu, Xu, Xu, Xu, Uh, Ce, 1 Ke, Ce, Rp, Xu, Xu, Xu, Wwg, Xu, Wog, Wog, Wog, Wwg, Xu, Xu, Xu, Xu, Xu, Xu, Xu, Uh, Qxu, Ur, Qxu, Ur, Ur, Tb^Tfi, Ur, Tb^Tf, Tb^Tfi, Qxu, Xu, Xu, Xof, Xof, Wog, Wwg, Rp, Chw, 4 Khw, Chw, Rp, Wwg, Qxu, Xof, Xu, Xu
Xu, Xu, Xu, Xu, Uh, Ce, Ce, Ce, Rp, Uh^Ii, Uu^Ii, Wwf, Wwg, Wwg, Wog, Wog, Wog, Wwg, Xu, Xu, Xu, Xu, Xu, Xu, Xu, Qxu, Qxu, Qxu, Qxu, Qxu, Ur, Uu, Cvr, Cvr, Cvr, Ur, Xu, Xu, Xof, Wog, Wwg, Wwf, Wwf, Chw, Chw, Chw, Rp, Wwg, Wwg, Qxu, Xu, Xu
Xu, Xu, Xu, Xu, Xu, Uh, Uu, Rp, Rp, Wwf^Bw\r, Wwf^Bw\r, Wwf, Wwg, Wog, Wog, Wog, Wwg, Wwg, Xu, Xu, Xu, Xu, Xu, Xu, Xu, Xu, Ur, Qxu, Qxu^Bcx/, Qxu^Bcx/, Qxu, Uh, Cvr, 5 Kvr, Cvr, Xu, Xu, Xof, Rp, Wog, Rp, Rp, Wog, Wog, Wog, Wwf, Wwf, Wwg, Wog, Wog, Xu, Xu
Xu, Xu, Xu, Xu, Xu, Tb^Tf, Tb^Tf, Uu, Wwf, Wwf^Bw\r, Wwf^Bw\r, Wwg^Bw\r, Wwf^Bw\r, Wwg, Wwg, Wwg, Tb^Tfi, Rp, Rp, Xu, Uu^Vu, Xu, Ur, Tb^Tfi, Tb^Tf, Ur, Uu, Qxu^Bcx/, Qxu, Qxu, Qxu, Uh, Xu, Cvr, Xu, Xu, Xu, Xof, Rp, Wwf, Xu, Xu, Xu, Xof, Xof, Wwf, Rp, Wwg, Wog, Wog, Xu, Xu
Xu, Xu, Xu, Xu, Xu, Uu, Wwf, Wwf, Wwg, Wwg, Wwf, Wwg^Bw\r, Wwf^Bw\r, Rp, Ur, Cvr, Uu, Tb^Tfi, Rp, Rp, Rp, Uh, Uh, Tb^Tfi, Rp, Ur, Xu, Uh, Xu, Xu, Xu, Xu, Xu, Xu, Xu, Xu, Xof, Wwg, Wwf, Wwf, Xu, Xu, Xu, Xu, Xof, Wwg, Wwg, Rp, Qxu, Qxu, Xu, Xu
Xu, Xu, Xu, Xu, Wwg, Wwf, Wwg, Wwf, Wwg, Wwf, Wwg, Wwg, Uu^Vu, Rp, Ur, Uh, Uh, Uu, Rp, Cvr, Rp, Uh, Uh, Rp, Ur, Uu^Vu, Xu, Xu, Xu, Xu, Xu, Xu, Xuc, Xu, Xu, Xu, Xof, Wog, Rp, Xu, Xu, Xu, Xu, Xof, Wog, Wog, Wwf, Rp, Qxu, Qxu, Xu, Xu
Xu, Xu, Xu, Xu, Wog, Wog, Wog, Wwg, Wwf, Wwf, Uu, Ur, Rp, Rp, Rp, Tb^Tfi, Ur, Rp, Tb^Tfi, Uu, Rp, Tb^Tfi, Rp, Rp, Uu, Uh, Uh, Xu, Xu, Xuc, Xu, Xu, Xu, Xu, Xu, Xof, Wwg, Wog, Rp, Xu, Xu, Xu, Xu, Xof, Wwg, Wwf, Rp, Qxu, Qxu, Xu, Xu, Xu
Xu, Xu, Xu, Wog, Wog, Wog, Wog, Wwg, Wwg, Uu, Uh, Rp, Ur, Ur, Rp, Tb^Tfi, Uu^Vu, Rp, Cvr, Cvr, Cvr, Rp, Rp, Uu, Rp, Rp, Uh, Xu, Xu, Xu, Xof, Xof, Xof, Xof, Xu, Xof, Uu, Wwf, Uu, Xu, Xu, Xu, Xof, Xof, Wog, Rp, Qxu, Qxu, Qxu, Xu, Xu, Xu
Xu, Xu, Wog, Wog, Wog, Wog, Xu, Wwg, Uu^Vu, Uh, Ur, Uh, Tb^Tfi, Uu^Vu, Rp, Rp, Rp, Rp, Cvr, 6 Kvr, Cvr, Ur, Ur, Rp, Tb^Tfi, Ur, Xu, Xu, Xu, Xof, Uu, Rp, Ur, Cvr, Uu, Rp, Rp, Tb^Tfi, Tb^Tfi, Xof, Xof, Xu, Xof, Wog, Wwf, Rp, Qxu, Qxu, Qxu, Xof, Xu, Xu
Wog, Wog, Wog, Wog, Wog, Xu, Xu, Rp, Rp, Rp, Rp, Tb^Tf, Rp, Rp, Cvr, Uu, Tb^Tfi, Uh, Uh, Cvr, Rp, Ur, Uu, Tb^Tfi, Uu, Uu, Xof, Xu, Xof, Xof, Uu, Uu^Vu, Ur, Rp, Uh, Uh, Xu, Uu, Rp, Uu, Uh, Xof, Uu, Ur, Ur, Xu, Xu, Qxu, Qxu, Xof, Xu, Xu
Wog, Wog, Wog, Wog, Xu, Xu, Xu, Xu, Uu, Uu, Uu, Rp, Ur, Ur, Rp, Uu, Ur, Tb^Tfi, Uh, Uh, Rp, Uu^Vu, Ur, Tb^Tf, Cvr, Xof, Xof, Xof, Qxu, Cvr, 7 Kvr, Ur, Rp, Uu, Cvr, Xu, Xu, Xu, Rp, Rp, Ur, Tb^Tfi, Rp, Tb^Tf, Xu, Xu, Qxu, Qxu, Qxu, Xof, Xu, Xu
Wog, Wog, Xu, Wog, Xu, Xu, Xu, Xu, Xu, Uh, Uh, Uh, Ur, Tb^Tfi, Ur, Rp, Rp, Rp, Rp, Rp, Ur, Ur, Cvr, Cvr, Uu^Xo, Xof, Xof, Xof, Qxu, Cvr, Cvr, Cvr, Uu, Rp, Xu, Xu, Xu, Xu, Xu, Tb^Tfi, Uu, Cvr, Cvr, Uu, Qxu, Xu, Qxu, Qxu, Xof, Xof, Xu, Xu
Xu, Xu, Xu, Xu, Xu, Xu, Xu, Xu, Xu, Xu, Xu, Xu, Xu, Tb^Tf, Xu, Uu^Vu, Uh, Tb^Tf, Xu, Ur, Xof, Cvr, Uu^Xo, Uu^Xo, Cvr, Cvr, Qxu, Qxu, Qxu^Bcx/, Qxu^Bcx/, Qxu^Bcx/, Qxu^Bcx/, Qxu, Xu, Xu, Xu, Xof, Xu, Xof, Ur, Uh, Xu, Xu, Xu, Xu, Qxu, Qxu, Qxu, Xu, Xu, Xu, Xu
Xu, Xu, Xu, Xu, Xu, Xu, Xu, Xu, Xu, Xu, Xu, Xu, Xu, Xu, Xu, Xu, Xu, Xu, Xu, Xu, Xu, Xof, Cvr, Cvr, Rp, Ur, Qxu^Bcx/, Qxu^Bcx/, Qxu^Bcx/, Qxu^Bcx/, Qxu, Qxu, Qxu, Xof, Xof, Xof, Tb^Tfi, Xof, Rp, Uu, Uh, Xu, Xu, Xu, Xu, Xu, Qxu, Qxu, Xu, Xu, Xu, Xu
Xu, Xu, Xu, Xu, Qxu, Xu, Qxu, Uu^Vu, Rp, Rb, Cvr, Xu, Xu, Xu, Xu, Xu, Xu, Xu, Xu, Xu, Xos, Xof, Qxu, Rp, Ur, Uu, Rp, Qxu^Bcx/, Qxu, Qxu, Qxu, Qxu, Rp, Uu, Uu, Uu, Ur, Uh, Ur, Rp, Xof, Xu, Xu, Xu, Xu, Xu, Qxu, Qxu, Xu, Xu, Xu, Xu
Xu, Xu, Xu, Qxu, Qxu, Qxu, Qxu, Qxu, Cvr, Rb, Rb, Xu, Xu, Xu, Xu, Xu, Xu, Xu, Xof, Xof, Xof, Xof, Qxu, Qxu, Qxu, Ur, Rp, Ur, Qxu, Qxu, Xu, Xu, Rp, Rp, Uh, Uh, Cvr, Uu, Uh, Rp, Xof, Xu, Uu^Vu, Xu, Xu, Xu, Uh, Qxu, Xu, Xu, Xu, Xu
Xu, Xu, Xu, Qxu, Qxu, Qxu, Qxu, Cvr, 3 Kvr, Cvr, Rp, Rp, Xof, Xu, Xu, Xu, Xof, Xof, Qxu, Qxu, Qxu, Qxu, Qxu, Qxu, Qxu, Ur, Rp, Rp, Ur, Qxu, Xu, Xu, Xu, Cvr, Rp, Rp, Ur, Uu, Tb^Tfi, Xof, Xof, Uh, Uh, Rp, Ur, Uh, Tb^Tfi, Xu, Xu, Xu, Xu, Xu
Xu, Xu, Xu, Qxu, Qxu, Qxu, Ur, Cvr, Cvr, Cvr, Uu, Uu, Rp, Xof, Xof, Xu, Uh, Qxu, Qxu, Qxu, Qxu, Qxu, Qxu, Qxu, Uh, Uh, Tb^Tfi, Uu, Rp, Rp, Uh, Xu, Xu, Xu, Tb^Tfi, Tb^Tfi, Ur, Uh, Ur, Xof, Xof, Xof, Xu, Rp, Uu, Uu, Xu, Xu, Xu, Xu, Xu, Xu
Xu, Xu, Xu, Xu, Qxu, Qxu, Qxu, Uu, Uu, Rp, Rp, Rp, Cvr, Uu, Xof, Xof, Uh, Uu^Vu, Uu, Rp, Rp, Qxu, Qxu, Qxu, Rp, Uu, Rb, Ur, Rp, Tb^Tf, Uh, Xof, Xof, Uu, Uu, Ur, Xu, Cvr, Ur, Uu, Xof, Xof, Xu, Xu, Tb^Tfi, Rp, Xof, Xu, Xu, Xu, Xu, Xu
Xu, Xu, Xu, Xu, Qxu, Qxu, Qxu, Uu^Vu, Rp, Ur, Rp, Rb, Ur, Rb, Tb^Tfi, Xof, Ur, Tb^Tf, Tb^Tfi, Rb, Rb, Uu, Tb^Tfi, Ur, Uu, Rp, Tb^Tf, Uu^Vu, Ur, Uu, Rp, Tb^Tfi, Ur, Ur, Ur, Rp, Xu, Xu, Uu, Uh, Rp, Xof, Uh, Xu, Rp, Rp, Xof, Xu, Xu, Xu, Xu, Xu
Xu, Xu, Xu, Xu, Xu, Qxu, Qxu, Qxu, Xu, Cvr, Xu, Uu, Uu^Vu, Ur, Urb, Rp, Tb^Tfi, Urb, Uu, Xu, Xof, Ur, Urb, Uu, Xof, Uh, Uh, Tb^Tf, Kvr, Cvr, Uh, Rp, Uu, Uh, Uh, Rp, Xu, Xu, Xu, Rp, Tb^Tfi, Rp, Uu, Uh, Uu, Ur, Xof, Xu, Xu, Xu, Xu, Xu
Xu, Xu, Xu, Xu, Xu, Xu, Xu, Xu, Xuc, Xu, Xu, Xu, Xu, Xu, Xu, Rp, Rb, Tb^Tf, Xu, Xof, Xof, Urb, Uu, Xof, Xu, Xu, Uh, Cvr, Cvr, Uu, Ur, Rp, Ss, Tb^Tf, Sm, Xu, Xu, Xu, Xu, Xu, Xu, Tb^Tf, Uu, Ur, Rp, Rp, Xof, Xos, Xu, Xu, Xu, Xu
Xu, Xu, Xu, Xu, Xof, Xof, Gll^Fmw, Xu, Xu, Xu, Xof, Xu, Xof, Xof, Xof, Uu, Rb, Rb, Rp, Xu, Rb, Ur, Uu, Xof, Xu, Xu, Ur, Rp, Rp, Tb^Tf, Tb^Tf, Sm, Ss, Ss, Sm, Sm, Xu, Xu, Xu, Xu, Xu, Uh, Uh, Ur, Uu, Xof, Xof, Xoc, Xu, Xu, Xu, Xu
Xu, Xu, Xu, Xof, Qxu, Gll^Fmw, Gd^Fetd, Gll^Fdw, Qxu, Qxu, Qxu, Xof, Qxu, Xof, Xof, Xof, Xu, Uu, Uu, Rp, Rb, Uu, Xof, Xof, Xof, Qxu, Ur, Uu, Ss, Ss^Bw\r, Ss, Sm, Ss, Gll^Fdw, Gll^Fmw, Gll^Fmw, Ss, Xu, Gll^Fdw, Xu, Xu, Xu, Tb^Tf, Tb^Tfi, Rp, Xof, Xof, Xu, Xu, Xu, Xu, Xu
Xu, Xu, Xof, Xof, Qxu, Gll^Fdw, Gll^Fdw, Gll^Fmw, Gll^Fdw, Qxu, Gll^Fmw, Qxu, Qxu, Qxu, Uu, Uu, Rp, Xu, Xu, Rp, Qxu, Qxu, Qxu, Xof, Qxu, Qxu, Uh, Uh, Sm, Sm, Gll^Fdw, Sm, Sm^Bw\r, Sm, Ss, Sm, Sm, Ss, Gll^Fmw, Gll^Fdw, Xu, Xu, Uh, Uu^Vu, Rp, Xu, Xu, Xu, Xu, Xu, Xu, Xu
Xu, Xu, Xof, Qxu, Qxu, Qxu, Gll^Fdw, Hhd^Fmw, Hhd^Fdw, Gll^Fdw, Gll^Fmw, Gll^Fdw, Qxu, Qxu, Rp, Rp, Rp, Rp, Xof, Xof, Xof, Qxu, Qxu, Qxu, Qxu, Ss, Ss, Sm, Ss, Ss, Gll^Fmw, Gll^Fmw, Sm, Ss, Gll^Fmw, Gll^Fdw, Sm, Ss, Sm, Sm, Xu, Xu, Xu, Uh, Rp, Xu, Xu, Xu, Xu, Xu, Xu, Xu
Xuc, Xu, Qxu, Qxu, Qxu, Gll^Fdw, Gll^Fmw, Hhd^Fdw, Gll^Fdw, Gll^Fmw, Hhd^Fmw, Hhd, Rp, Rp, Rp, Rp, Qxu, Uu, Qxu, Xof, Xof, Qxu, Qxu, Qxu, Tb^Tfi, Gll^Fdw, Gll^Fmw, Sm, Gll^Fdw, Ss, Sm, Sm, Gll^Fmw, Ss, Sm, Sm, Sm^Bw\r, Gll^Fmw, Rb, Xu, Xu, Xu, Xof, Ur, Ur, Xu, Xu, Xu, Xu, Xu, Xu, Xu
Xu, Xu, Qxu, Qxu, Qxu, Gll^Fmw, Cvr, Gll^Fmw, Hhd, Gll^Fmw, Rp, Rp, Rp, Rp, Hhd, Qxu, Qxu, Qxu, Qxu, Xof, Xu, Xof, Qxu, Qxu, Ur, Ur, Uu, Sm, Gll^Fdw, Gll^Fmw, Sm, Ss, Ss, Gll^Fdw, Sm, Ss, Ur, Ur, Rb, Xof, Xof, Xof, Cvr, Rb, Uu, Xof, Xof, Xu, Xu, Xu, Xu, Xu
Xu, Qxu, Qxu, Qxu, Ur, Ur, Gll^Fmw, Ur, Ur, Hhd, Hhd, Rp, Gll^Fmw, Hhd, Gll^Fmw, Gll^Fdw, Qxu, Qxu, Gll^Fdw, Xu, Xu, Xof, Qxu, Qxu, Qxu, Tb^Tf, Tb^Tfi, Sm, Ss, Sm, Gll^Fdw, Sm, Ss, Sm, Ss, Ss, Ur, Tb^Tf, Tb^Tfi, Rb, Uh, Uh, Rb, Rb, Tb^Tfi, Cvr, Xof, Xu, Xof, Xu, Xu, Xu
Xu, Qxu, Qxu, Cvr, Gll^Fmw, Gll^Fdw, Gll^Fmw, Gll^Fmw, Gll^Fmw, Cvr, Hhd, Gll^Fmw, Gll^Fmw, Gll^Fdw, Gll^Fmw, Gll^Fdw, Gll^Fdw, Gll^Fmw, Gll^Fmw, Xu, Xu, Xof, Xof, Qxu, Qxu, Qxu, Uh, Gll^Fmw, Ss, Sm, Gll^Fmw, Gll^Fmw, Gll^Fdw, Sm, Uu, Uu, Xof, Gll^Fdw, Uu, Uu, Gll^Fdw, Gll^Fdw, Gll^Fdw, Gll^Fdw, Gll^Fdw, Uu, Gll^Fmw, Xof, Qxu, Xof, Xu, Xu
Xu, Qxu, Qxu, Ur, Gll^Fdw, Gll^Fdw, 2 Gd^Fetd, Gll^Fdw, Gll^Fdw, Ur, Gll^Fdw, Gll^Fdw, Gll^Fmw, Gll^Fdw, Hhd^Fdw, Hhd^Fmw, Gll^Fdw, Gll^Fdw, Gll^Fdw, Gll^Fmw, Xu, Xu, Xof, Qxu, Qxu, Qxu, Qxu, Uh, Qxu, Ss, Qxu, Sm, Sm, Sm, Uh, Xof, Xof, Xof, Gll^Fdw, Gll^Fdw, Gll^Fmw, Gll^Fdw, Gll^Fmw, Gll^Fmw, Gll^Fmw, Gll^Fdw, Gll^Fmw, Gll^Fmw, Gll^Fmw, Qxu, Xu, Xu
Xu, Qxu, Qxu, Ur, Gll^Fmw, Gll^Fmw, Gll^Fdw, Gll^Fmw, Gll^Fdw, Ur, Gll^Fdw, Hhd^Fmw, Hhd^Fmw, Hhd^Fdw, Gll^Fmw, Hhd^Fdw, Gll^Fmw, Gll^Fmw, Gd^Fetd, Gll^Fmw, Xu, Xu, Xu, Qxu, Qxu, Qxu, Qxu, Qxu, Qxu, Qxu, Qxu, Qxu, Xu, Uh, Xu, Xu, Xof, Gll^Fmw, Gll^Fdw, Gll^Fdw, Gd^Fetd, Gll^Fmw, Gll^Fmw, Gll^Fmw, Gll^Fdw, Gll^Fmw, Gll^Fdw, Gll^Fmw, Gll^Fmw, Qxu, Xof, Xu
Xu, Xu, Qxu, Cvr, Ur, Gll^Fdw, Gll^Fmw, Gll^Fmw, Ur, Cvr, Qxu, Gll^Fdw, Qxu, Gll^Fdw, Qxu, Hhd^Fmw, Gll^Fdw, Gll^Fmw, Gll^Fmw, Gll^Fdw, Xu, Xu, Xu, Qxu, Qxu, Qxu, Xof, Qxu, Xof, Xof, Xof, Xof, Xu, Xu, Xu, Xu, Qxu, Gll^Fmw, Gll^Fmw, Gll^Fmw, Gll^Fdw, Gll^Fdw, Gll^Fmw, Gll^Fmw, Gll^Fdw, Gll^Fdw, Cvr^Fetd, Gll^Fmw, Qxu, Qxu, Xof, Xu
Xu, Xu, Qxu, Qxu, Qxu, Ur, Cvr, Ur, Qxu, Qxu, Qxu, Qxu, Qxu, Qxu, Qxu, Qxu, Xof, Xof, Xof, Xof, Xu, Xu, Xu, Xu, Xu, Xof, Xu, Xof, Xu, Xu, Xu, Xu, Xu, Xu, Xu, Xof, Qxu, Qxu, Gll^Fdw, Gll^Fdw, Gll^Fdw, Gll^Fdw, Gll^Fdw, Gll^Fmw, Gll^Fdw, Cvr^Fmw, 8 Kvr^Fmw, Cvr^Fmw, Qxu, Qxu, Xof, Xu
Xu, Xu, Xu, Qxu, Qxu, Qxu, Qxu, Qxu, Xof, Xof, Xof, Qxu, Qxu, Qxu, Qxu, Qxu, Xu, Xu, Xu, Xu, Xu, Xu, Xu, Xu, Xu, Xu, Xu, Xu, Xu, Xu, Xu, Xu, Xu, Xu, Xu, Xof, Xof, Qxu, Gll^Fmw, Gll^Fmw, Gll^Fdw, Gll^Fmw, Gll^Fmw, Gll^Fmw, Gll^Fmw, Cvr^Fdw, Cvr^Fdw, Cvr^Fdw, Qxu, Qxu, Xu, Xu
Xu, Xu, Xu, Xu, Xu, Xu, Xu, Xof, Xu, Xu, Xu, Xof, Xof, Xof, Xu, Xu, Xu, Xu, Xu, Xu, Xu, Xu, Xu, Xu, Xu, Xu, Xu, Xu, Xu, Xu, Xu, Xu, Xu, Xu, Xu, Xof, Xu, Gll^Fmw, Gll^Fmw, Gll^Fdw, Qxu, Gll^Fdw, Xof, Gll^Fmw, Qxu, Qxu, Qxu, Qxu, Qxu, Qxu, Xu, Xu
Xu, Xu, Xu, Xu, Xu, Xu, Xu, Xu, Xu, Xu, Xu, Xu, Xu, Xu, Xu, Xu, Xu, Xu, Xu, Xu, Xu, Xu, Xu, Xu, Xu, Xu, Xu, Xu, Xu, Xu, Xu, Xu, Xu, Xu, Xu, Xu, Xu, Xu, Xu, Qxu, Xu, Xof, Xu, Xof, Xu, Qxu, Xu, Qxu, Xu, Xu, Xu, Xu
Xu, Xu, Xu, Xu, Xu, Xu, Xu, Xu, Xu, Xu, Xu, Xu, Xu, Xu, Xu, Xu, Xu, Xu, Xu, Xu, Xu, Xu, Xu, Xu, Xu, Xu, Xu, Xu, Xu, Xu, Xu, Xu, Xu, Xu, Xu, Xu, Xu, Xu, Xu, Xu, Xu, Xu, Xu, Xu, Xu, Xu, Xu, Xu, Xu, Xu, Xu, Xu
